
> constellation-tracker@0.1.0 pretest:browser
> npm run build


> constellation-tracker@0.1.0 build
> tsc --noEmit && vite build

vite v8.3.3 building client environment for production...
transforming...
✓ 234 modules transformed.
rendering chunks...
computing gzip size...
dist/index.html                                             0.40 kB │ gzip:   0.27 kB
dist/assets/inter-vietnamese-400-normal-DMkecbls.woff2      4.97 kB
dist/assets/inter-vietnamese-600-normal-Cc8MFFhd.woff2      5.10 kB
dist/assets/inter-vietnamese-500-normal-DOriooB6.woff2      5.11 kB
dist/assets/inter-greek-ext-400-normal-DGGRlc-M.woff2       5.26 kB
dist/assets/inter-greek-ext-500-normal-C4iEst2y.woff2       5.42 kB
dist/assets/inter-greek-ext-600-normal-DRtmH8MT.woff2       5.43 kB
dist/assets/inter-vietnamese-400-normal-Bbgyi5SW.woff       6.50 kB
dist/assets/inter-vietnamese-500-normal-mJboJaSs.woff       6.59 kB
dist/assets/inter-vietnamese-600-normal-BuLX-rYi.woff       6.64 kB
dist/assets/inter-greek-ext-400-normal-KugGGMne.woff        7.06 kB
dist/assets/inter-greek-ext-500-normal-2j5mBUwD.woff        7.19 kB
dist/assets/inter-greek-ext-600-normal-B8X0CLgF.woff        7.21 kB
dist/assets/inter-cyrillic-400-normal-obahsSVq.woff2        7.71 kB
dist/assets/inter-greek-400-normal-B4URO6DV.woff2           7.77 kB
dist/assets/inter-cyrillic-500-normal-BasfLYem.woff2        7.90 kB
dist/assets/inter-greek-500-normal-BIZE56-Y.woff2           7.92 kB
dist/assets/inter-greek-600-normal-plRanbMR.woff2           7.94 kB
dist/assets/inter-cyrillic-600-normal-CWCymEST.woff2        7.97 kB
dist/assets/inter-cyrillic-400-normal-HOLc17fK.woff         9.78 kB
dist/assets/inter-greek-400-normal-q2sYcFCs.woff            9.92 kB
dist/assets/inter-cyrillic-600-normal-4D_pXhcN.woff         9.93 kB
dist/assets/inter-cyrillic-500-normal-CxZf_p3X.woff         9.94 kB
dist/assets/inter-greek-500-normal-Xzm54t5V.woff            9.98 kB
dist/assets/inter-greek-600-normal-BZpKdvQh.woff           10.03 kB
dist/assets/inter-cyrillic-ext-400-normal-BQZuk6qB.woff2   10.23 kB
dist/assets/inter-cyrillic-ext-500-normal-B0yAr1jD.woff2   10.43 kB
dist/assets/inter-cyrillic-ext-600-normal-Dfes3d0z.woff2   10.48 kB
dist/assets/inter-cyrillic-ext-400-normal-DQukG94-.woff    13.33 kB
dist/assets/inter-cyrillic-ext-500-normal-BmqWE9Dz.woff    13.45 kB
dist/assets/inter-cyrillic-ext-600-normal-Bcila6Z-.woff    13.46 kB
dist/assets/inter-latin-400-normal-C38fXH4l.woff2          23.66 kB
dist/assets/inter-latin-500-normal-Cerq10X2.woff2          24.27 kB
dist/assets/inter-latin-600-normal-LgqL8muc.woff2          24.45 kB
dist/assets/inter-latin-400-normal-CyCys3Eg.woff           30.69 kB
dist/assets/inter-latin-600-normal-CiBQ2DWP.woff           31.26 kB
dist/assets/inter-latin-500-normal-BL9OpVg8.woff           31.28 kB
dist/assets/inter-latin-ext-400-normal-C1nco2VV.woff2      35.00 kB
dist/assets/inter-latin-ext-500-normal-CV4jyFjo.woff2      36.02 kB
dist/assets/inter-latin-ext-600-normal-D2bJ5OIk.woff2      36.26 kB
dist/assets/inter-latin-ext-400-normal-77YHD8bZ.woff       47.56 kB
dist/assets/inter-latin-ext-500-normal-BxGbmqWO.woff       48.49 kB
dist/assets/inter-latin-ext-600-normal-CIVaiw4L.woff       48.66 kB
dist/assets/index-DRMriUsp.css                             18.12 kB │ gzip:   4.27 kB
dist/assets/index-ByNVaK1e.js                             923.27 kB │ gzip: 286.07 kB

[plugin builtin:vite-reporter]
(!) Some chunks are larger than 500 kB after minification. Consider:
- Using dynamic import() to code-split the application
- Use build.rolldownOptions.output.codeSplitting to improve chunking: https://rolldown.rs/reference/OutputOptions.codeSplitting
- Adjust chunk size limit for this warning via build.chunkSizeWarningLimit.
✓ built in 325ms

> constellation-tracker@0.1.0 test:browser
> playwright test


Running 8 tests using 1 worker

(node:37265) Warning: The 'NO_COLOR' env is ignored due to the 'FORCE_COLOR' env being set.
(Use `node --trace-warnings ...` to show where the warning was created)
chrome: 155.0.8059.12 on darwin
Fontconfig error: Cannot load default config file: File not found
  ✓  1 [chrome] › tests/browser/workflow.spec.ts:48:1 › two editors merge entry text, follow mentions, navigate independently and preserve offline drafts (9.8s)
  ✓  2 [chrome] › tests/browser/workflow.spec.ts:173:1 › shape, facing, linked filters, saved files, backup and print workflow (2.6s)
  ✓  3 [chrome] › tests/browser/workflow.spec.ts:251:1 › distinct role assignments, removal and slide deletion preserve identities and local drafts (1.8s)
  ✓  4 [chrome] › tests/browser/workflow.spec.ts:308:1 › a plain HTTP network origin supports assignment creation without secure-context APIs (911ms)
(node:38071) Warning: The 'NO_COLOR' env is ignored due to the 'FORCE_COLOR' env being set.
(Use `node --trace-warnings ...` to show where the warning was created)
edge: 152.0.4191.53 on darwin
Fontconfig error: Cannot load default config file: File not found
  ✓  5 [edge] › tests/browser/workflow.spec.ts:48:1 › two editors merge entry text, follow mentions, navigate independently and preserve offline drafts (9.2s)
  ✓  6 [edge] › tests/browser/workflow.spec.ts:173:1 › shape, facing, linked filters, saved files, backup and print workflow (2.3s)
  ✓  7 [edge] › tests/browser/workflow.spec.ts:251:1 › distinct role assignments, removal and slide deletion preserve identities and local drafts (1.8s)
  ✓  8 [edge] › tests/browser/workflow.spec.ts:308:1 › a plain HTTP network origin supports assignment creation without secure-context APIs (744ms)

  8 passed (41.7s)
