
 RUN  v5.0.3 /Users/vincentsar/Coding/constellation-tracking-mac-verification-20261007


 Test Files  1 passed (1)
      Tests  1 passed (1)
   Start at  08:31:00
   Duration  1.17s (tests 98%, transform 2%, import 1%)


 RUN  v5.0.3 /Users/vincentsar/Coding/constellation-tracking-mac-verification-20261007


 Test Files  1 passed (1)
      Tests  1 passed (1)
   Start at  08:31:02
   Duration  1.01s (tests 98%, transform 1%, import 1%)


 RUN  v5.0.3 /Users/vincentsar/Coding/constellation-tracking-mac-verification-20261007


 Test Files  1 passed (1)
      Tests  1 passed (1)
   Start at  08:31:03
   Duration  1.11s (tests 98%, transform 2%, import 1%)


 RUN  v5.0.3 /Users/vincentsar/Coding/constellation-tracking-mac-verification-20261007


 Test Files  1 passed (1)
      Tests  1 passed (1)
   Start at  08:31:05
   Duration  1.12s (tests 98%, transform 1%, import 1%)


 RUN  v5.0.3 /Users/vincentsar/Coding/constellation-tracking-mac-verification-20261007


 Test Files  1 passed (1)
      Tests  1 passed (1)
   Start at  08:31:06
   Duration  1.02s (tests 98%, transform 1%, import 1%)


 RUN  v5.0.3 /Users/vincentsar/Coding/constellation-tracking-mac-verification-20261007


 Test Files  1 passed (1)
      Tests  1 passed (1)
   Start at  08:31:07
   Duration  1.03s (tests 97%, transform 2%, import 1%)


 RUN  v5.0.3 /Users/vincentsar/Coding/constellation-tracking-mac-verification-20261007


 Test Files  1 passed (1)
      Tests  1 passed (1)
   Start at  08:31:09
   Duration  1.01s (tests 98%, transform 1%, import 1%)


 RUN  v5.0.3 /Users/vincentsar/Coding/constellation-tracking-mac-verification-20261007


 Test Files  1 passed (1)
      Tests  1 passed (1)
   Start at  08:31:10
   Duration  1.24s (tests 98%, transform 1%, import 1%)


 RUN  v5.0.3 /Users/vincentsar/Coding/constellation-tracking-mac-verification-20261007


 Test Files  1 passed (1)
      Tests  1 passed (1)
   Start at  08:31:12
   Duration  1000ms (tests 98%, transform 1%, import 1%)


 RUN  v5.0.3 /Users/vincentsar/Coding/constellation-tracking-mac-verification-20261007


 Test Files  1 passed (1)
      Tests  1 passed (1)
   Start at  08:31:13
   Duration  1.01s (tests 98%, transform 1%, import 1%)
